Inspect result written to file: ./outputs/recherche-master-20260908/Project-Recherche-Master.xlsx.pending.inspect.ndjson
{
  "status": "UPDATED",
  "before_sha256": "612796225d3140f4d2f7b99eac1a978e47b512fab33b683549480038d023ce35",
  "after_sha256": "593f79fccf131bb1e443e2c01c4d43bb3bdabc7e4f2b95fcc0097ba175a5117a",
  "backup": "../Recherche Recovery/20260907T223404/master-workbook-history/612796225d3140f4d2f7b99eac1a978e47b512fab33b683549480038d023ce35.xlsx",
  "inventory_sha256": "16c9ec4cf19907e6517c0db16f8dbd9b7f3fbe60cde51dead333d5199b80f1fd",
  "targets_added": 0,
  "work_log_rows_added": 1,
  "searches_added": 0,
  "historical_targets_preserved": true,
  "historical_searches_preserved": true,
  "historical_work_log_preserved": true,
  "candidate_grades_preserved": true,
  "overview": [
    [
      "Recorded work",
      "Count"
    ],
    [
      "Unique targets in register",
      754
    ],
    [
      "Targets with observed searches",
      277
    ],
    [
      "Original-search targets with no trigger",
      266
    ],
    [
      "Known-system targets with recovery",
      4
    ],
    [
      "Targets awaiting data",
      2
    ],
    [
      "Inventoried targets not searched",
      475
    ],
    [
      "Search / refinement records",
      339
    ],
    [
      "Current candidate targets",
      7
    ]
  ]
}
