This program comes with ABSOLUTELY NO WARRANTY.
This is free software, and you are welcome to redistribute it
under conditions of GPL license.

Looking for ../Project Recherche Data/ipta-batch02-20260909/plugins/recherche_ref_darwin24_plug.t2
Current filename = ../Project Recherche Data/ipta-batch02-20260909/J0711-6830/original/J0711-6830.IPTADR2.tim
Rel path = ../Project Recherche Data/ipta-batch02-20260909/J0711-6830/original/tims/J0711-6830_dr1dr2.tim
Current filename = ../Project Recherche Data/ipta-batch02-20260909/J0711-6830/original/J0711-6830.IPTADR2.tim
Rel path = ../Project Recherche Data/ipta-batch02-20260909/J0711-6830/original/tims/J0711-6830_ppta_legacy.tim
************************************************* 
Warning: you are running in tempo1 emulation mode 
************************************************* 
Updating TOA errors using TN parameters.
[tabulatedfunction.C:84] Warning: Error parsing file ${HOME}/.cache/recherche-tempo2/ipta-batch02-20260909-bound/clock/eff2gps.clk: Entry 4 out of order 49427.330000 < 60000.000000
[tabulatedfunction.C:84] Warning: Error parsing file ${HOME}/.cache/recherche-tempo2/ipta-batch02-20260909-bound/clock/eff2gps.clk: Entry 1073 out of order 54164.000000 < 54164.430000
[tabulatedfunction.C:84] Warning: Error parsing file ${HOME}/.cache/recherche-tempo2/ipta-batch02-20260909-bound/clock/eff2gps.clk: Entry 1228 out of order 54244.040000 < 54244.080000
[tabulatedfunction.C:84] Warning: Error parsing file ${HOME}/.cache/recherche-tempo2/ipta-batch02-20260909-bound/clock/eff2gps.clk: Entry 1437 out of order 54334.290000 < 54334.320000
[tabulatedfunction.C:84] Warning: Error parsing file ${HOME}/.cache/recherche-tempo2/ipta-batch02-20260909-bound/clock/eff2gps.clk: Entry 1471 out of order 54348.000000 < 54349.960000
[tabulatedfunction.C:84] Warning: Error parsing file ${HOME}/.cache/recherche-tempo2/ipta-batch02-20260909-bound/clock/jb2gps.clk: Entry 73322 out of order 57072.505451 < 57082.833333
[tabulatedfunction.C:84] Warning: Error parsing file ${HOME}/.cache/recherche-tempo2/ipta-batch02-20260909-bound/clock/jb2gps.clk: Entry 76559 out of order 57223.652465 < 57238.000000
[tabulatedfunction.C:84] Warning: Error parsing file ${HOME}/.cache/recherche-tempo2/ipta-batch02-20260909-bound/clock/jb2gps.clk: Entry 77921 out of order 57275.630845 < 57296.291667
[tabulatedfunction.C:84] Warning: Error parsing file ${HOME}/.cache/recherche-tempo2/ipta-batch02-20260909-bound/clock/jb2gps.clk: Entry 79368 out of order 57347.794815 < 57358.333333
[tabulatedfunction.C:84] Warning: Error parsing file ${HOME}/.cache/recherche-tempo2/ipta-batch02-20260909-bound/clock/jb2gps.clk: Entry 82957 out of order 57491.750440 < 57509.875000
[tabulatedfunction.C:84] Warning: Error parsing file ${HOME}/.cache/recherche-tempo2/ipta-batch02-20260909-bound/clock/jbdfb2gps.clk: Entry 73322 out of order 57072.505451 < 57082.833333
[tabulatedfunction.C:84] Warning: Error parsing file ${HOME}/.cache/recherche-tempo2/ipta-batch02-20260909-bound/clock/jbdfb2gps.clk: Entry 76559 out of order 57223.652465 < 57238.000000
[tabulatedfunction.C:84] Warning: Error parsing file ${HOME}/.cache/recherche-tempo2/ipta-batch02-20260909-bound/clock/jbdfb2gps.clk: Entry 77921 out of order 57275.630845 < 57296.291667
[tabulatedfunction.C:84] Warning: Error parsing file ${HOME}/.cache/recherche-tempo2/ipta-batch02-20260909-bound/clock/jbdfb2gps.clk: Entry 79368 out of order 57347.794815 < 57358.333333
[tabulatedfunction.C:84] Warning: Error parsing file ${HOME}/.cache/recherche-tempo2/ipta-batch02-20260909-bound/clock/jbdfb2gps.clk: Entry 82957 out of order 57491.750440 < 57509.875000
[tabulatedfunction.C:84] Warning: Error parsing file ${HOME}/.cache/recherche-tempo2/ipta-batch02-20260909-bound/clock/ncyobs2obspm.clk: Entry 3815 out of order 50822.572920 < 50823.156253
[tabulatedfunction.C:84] Warning: Error parsing file ${HOME}/.cache/recherche-tempo2/ipta-batch02-20260909-bound/clock/ncyobs2obspm.clk: Entry 4335 out of order 51112.572920 < 51113.156253
CLOCK_CHAIN pks UTC(GPS) UTC(GPST) UTC TAI TT(BIPM2015)
CLOCK_CHAIN pks UTC(GPS) UTC(GPS_UNSO) UTC TAI TT(BIPM2015)
CLOCK_CHAIN pks UTC(GPS) UTC(GPST) UTC TAI TT(BIPM2015)
CLOCK_CHAIN pks UTC(GPS) UTC(GPS_UNSO) UTC TAI TT(BIPM2015)
CLOCK_CHAIN pks UTC(GPS) UTC(GPST) UTC TAI TT(BIPM2015)
[t2fit.C:789] ss/fs 1 1
[t2fit.C:818] START=49372.5662161798464 FINISH = 55620.2604825893868
REFERENCE_COMPLETE 507 NO_FIT_NO_SEARCH
