J1801-1417 PREPARED
J1801-1417 CALIBRATING
J1801-1417 CALIBRATED
J1801-1417 SEARCHING
J1801-1417 COMPLETE
J1801-1417 None
J1911+1347 PREPARING
J1911+1347 PREPARATION_GAP
J1843-1113 PREPARING
J1843-1113 PREPARATION_GAP
J2322+2057 PREPARING
J2322+2057 PREPARED
J2322+2057 CALIBRATING
J2322+2057 CALIBRATED
J2322+2057 SEARCHING
J2322+2057 COMPLETE
J2322+2057 None
J1824-2452A PREPARING
J1824-2452A PREPARED
J1824-2452A CALIBRATING
J1824-2452A CALIBRATED
J1824-2452A SEARCHING
J1824-2452A COMPLETE
J1824-2452A None
J0711-6830 PREPARING
J0711-6830 PREPARATION_GAP
J1730-2304 PREPARING
J1730-2304 PREPARATION_GAP
J2124-3358 PREPARING
J2124-3358 PREPARATION_GAP
J1944+0907 PREPARING
J1944+0907 PREPARED
J1944+0907 CALIBRATING
J1944+0907 CALIBRATED
J1944+0907 SEARCHING
J1944+0907 COMPLETE
J1944+0907 None
J0030+0451 PREPARING
J0030+0451 PREPARED
J0030+0451 CALIBRATING
J0030+0451 CALIBRATED
J0030+0451 SEARCHING
J0030+0451 COMPLETE
J0030+0451 None
J2010-1323 PREPARING
J2010-1323 PREPARED
J2010-1323 CALIBRATING
J2010-1323 CALIBRATED
J2010-1323 SEARCHING
J2010-1323 COMPLETE
J2010-1323 None
J1744-1134 PREPARING
J1744-1134 PREPARATION_GAP
J1939+2134 PREPARING
J1939+2134 PREPARATION_GAP
