Inspect result written to file: ./outputs/recherche-master-20260908/Project-Recherche-Master.xlsx.pending.inspect.ndjson
{
  "status": "UPDATED",
  "before_sha256": "e117344d060d1f01128491bf353ee3876a31ff7518a6db6dc18cdf5e014a15f6",
  "after_sha256": "646a276346dfe0361f6a5240c15a990dc212f85e3233bdcf3c232ecbdf3bd9dc",
  "backup": "../Recherche Recovery/20260907T223404/master-workbook-history/e117344d060d1f01128491bf353ee3876a31ff7518a6db6dc18cdf5e014a15f6.xlsx",
  "inventory_sha256": "352d4c0e1a55ab6e2f693410ecbb3a55d6cb1930d0970aaf7fa69d8eedddc62d",
  "targets_added": 0,
  "work_log_rows_added": 4,
  "searches_added": 0,
  "historical_targets_preserved": false,
  "target_routing_updates": 7,
  "historical_target_science_preserved": true,
  "historical_searches_preserved": true,
  "historical_work_log_preserved": true,
  "candidate_grades_preserved": true,
  "overview": [
    [
      "Recorded work",
      "Count"
    ],
    [
      "Unique targets in register",
      754
    ],
    [
      "Targets with observed searches",
      277
    ],
    [
      "Original-search targets with no trigger",
      266
    ],
    [
      "Known-system targets with recovery",
      4
    ],
    [
      "Targets awaiting data",
      2
    ],
    [
      "Inventoried targets not searched",
      475
    ],
    [
      "Search / refinement records",
      344
    ],
    [
      "Current candidate targets",
      7
    ]
  ]
}
